
  .   ____          _            __ _ _
 /\\ / ___'_ __ _ _(_)_ __  __ _ \ \ \ \
( ( )\___ | '_ | '_| | '_ \/ _` | \ \ \ \
 \\/  ___)| |_)| | | | | || (_| |  ) ) ) )
  '  |____| .__|_| |_|_| |_\__, | / / / /
 =========|_|==============|___/=/_/_/_/

 :: Spring Boot ::                (v4.0.8)

2026-10-07T22:03:32.310+08:00  INFO 15716 --- [           main] c.t.s.SecondHandTradeApplication         : Starting SecondHandTradeApplication v0.0.1-SNAPSHOT using Java 25.0.2 with PID 15716 (D:\Downloads\second_hand_trade\target\second_hand_trade-0.0.1-SNAPSHOT.jar started by ZhuanZ（无密码） in D:\Downloads\second_hand_trade)
2026-10-07T22:03:32.313+08:00  INFO 15716 --- [           main] c.t.s.SecondHandTradeApplication         : No active profile set, falling back to 1 default profile: "default"
2026-10-07T22:03:33.520+08:00  INFO 15716 --- [           main] o.s.boot.tomcat.TomcatWebServer          : Tomcat initialized with port 8080 (http)
2026-10-07T22:03:33.534+08:00  INFO 15716 --- [           main] o.apache.catalina.core.StandardService   : Starting service [Tomcat]
2026-10-07T22:03:33.534+08:00  INFO 15716 --- [           main] o.apache.catalina.core.StandardEngine    : Starting Servlet engine: [Apache Tomcat/11.0.24]
2026-10-07T22:03:33.564+08:00  INFO 15716 --- [           main] b.w.c.s.WebApplicationContextInitializer : Root WebApplicationContext: initialization completed in 1186 ms
Logging initialized using 'class org.apache.ibatis.logging.stdout.StdOutImpl' adapter.


,------.                           ,--.  ,--.         ,--.                         
|  .--. '  ,--,--.  ,---.   ,---.  |  '--'  |  ,---.  |  |  ,---.   ,---.  ,--.--. 
|  '--' | ' ,-.  | | .-. | | .-. : |  .--.  | | .-. : |  | | .-. | | .-. : |  .--' 
|  | --'  \ '-'  | ' '-' ' \   --. |  |  |  | \   --. |  | | '-' ' \   --. |  |    
`--'       `--`--' .`-  /   `----' `--'  `--'  `----' `--' |  |-'   `----' `--'    
                   `---'                                   `--'                        is intercepting.

2026-10-07T22:03:34.705+08:00  INFO 15716 --- [           main] o.s.boot.tomcat.TomcatWebServer          : Tomcat started on port 8080 (http) with context path '/'
2026-10-07T22:03:34.732+08:00  INFO 15716 --- [           main] c.t.s.SecondHandTradeApplication         : Started SecondHandTradeApplication in 2.885 seconds (process running for 3.335)
2026-10-07T22:03:49.122+08:00  INFO 15716 --- [nio-8080-exec-1] o.a.c.c.C.[Tomcat].[localhost].[/]       : Initializing Spring DispatcherServlet 'dispatcherServlet'
2026-10-07T22:03:49.122+08:00  INFO 15716 --- [nio-8080-exec-1] o.s.web.servlet.DispatcherServlet        : Initializing Servlet 'dispatcherServlet'
2026-10-07T22:03:49.123+08:00  INFO 15716 --- [nio-8080-exec-1] o.s.web.servlet.DispatcherServlet        : Completed initialization in 1 ms
2026-10-07T22:04:00.011+08:00  INFO 15716 --- [   scheduling-1] com.zaxxer.hikari.HikariDataSource       : HikariPool-1 - Starting...
2026-10-07T22:04:00.273+08:00  INFO 15716 --- [   scheduling-1] com.zaxxer.hikari.pool.HikariPool        : HikariPool-1 - Added connection com.mysql.cj.jdbc.ConnectionImpl@564db027
2026-10-07T22:04:00.276+08:00  INFO 15716 --- [   scheduling-1] com.zaxxer.hikari.HikariDataSource       : HikariPool-1 - Start completed.
Creating a new SqlSession
Registering transaction synchronization for SqlSession [org.apache.ibatis.session.defaults.DefaultSqlSession@63614c88]
JDBC Connection [HikariProxyConnection@1905554433 wrapping com.mysql.cj.jdbc.ConnectionImpl@564db027] will be managed by Spring
==>  Preparing: SELECT * FROM orders WHERE status = 'pending' AND created_at < DATE_SUB(NOW(), INTERVAL ? MINUTE)
==> Parameters: 30(Integer)
<==      Total: 0
Releasing transactional SqlSession [org.apache.ibatis.session.defaults.DefaultSqlSession@63614c88]
Transaction synchronization committing SqlSession [org.apache.ibatis.session.defaults.DefaultSqlSession@63614c88]
Transaction synchronization deregistering SqlSession [org.apache.ibatis.session.defaults.DefaultSqlSession@63614c88]
Transaction synchronization closing SqlSession [org.apache.ibatis.session.defaults.DefaultSqlSession@63614c88]
Creating a new SqlSession
Registering transaction synchronization for SqlSession [org.apache.ibatis.session.defaults.DefaultSqlSession@6f4bc396]
JDBC Connection [HikariProxyConnection@1782901444 wrapping com.mysql.cj.jdbc.ConnectionImpl@564db027] will be managed by Spring
==>  Preparing: SELECT * FROM orders WHERE status = 'pending' AND created_at < DATE_SUB(NOW(), INTERVAL ? MINUTE)
==> Parameters: 30(Integer)
<==      Total: 0
Releasing transactional SqlSession [org.apache.ibatis.session.defaults.DefaultSqlSession@6f4bc396]
Transaction synchronization committing SqlSession [org.apache.ibatis.session.defaults.DefaultSqlSession@6f4bc396]
Transaction synchronization deregistering SqlSession [org.apache.ibatis.session.defaults.DefaultSqlSession@6f4bc396]
Transaction synchronization closing SqlSession [org.apache.ibatis.session.defaults.DefaultSqlSession@6f4bc396]
Creating a new SqlSession
Registering transaction synchronization for SqlSession [org.apache.ibatis.session.defaults.DefaultSqlSession@7eb6c036]
JDBC Connection [HikariProxyConnection@302079762 wrapping com.mysql.cj.jdbc.ConnectionImpl@564db027] will be managed by Spring
==>  Preparing: SELECT * FROM orders WHERE status = 'pending' AND created_at < DATE_SUB(NOW(), INTERVAL ? MINUTE)
==> Parameters: 30(Integer)
<==      Total: 0
Releasing transactional SqlSession [org.apache.ibatis.session.defaults.DefaultSqlSession@7eb6c036]
Transaction synchronization committing SqlSession [org.apache.ibatis.session.defaults.DefaultSqlSession@7eb6c036]
Transaction synchronization deregistering SqlSession [org.apache.ibatis.session.defaults.DefaultSqlSession@7eb6c036]
Transaction synchronization closing SqlSession [org.apache.ibatis.session.defaults.DefaultSqlSession@7eb6c036]
Creating a new SqlSession
Registering transaction synchronization for SqlSession [org.apache.ibatis.session.defaults.DefaultSqlSession@128f1dc6]
JDBC Connection [HikariProxyConnection@570176298 wrapping com.mysql.cj.jdbc.ConnectionImpl@564db027] will be managed by Spring
==>  Preparing: SELECT * FROM orders WHERE status = 'pending' AND created_at < DATE_SUB(NOW(), INTERVAL ? MINUTE)
==> Parameters: 30(Integer)
<==      Total: 0
Releasing transactional SqlSession [org.apache.ibatis.session.defaults.DefaultSqlSession@128f1dc6]
Transaction synchronization committing SqlSession [org.apache.ibatis.session.defaults.DefaultSqlSession@128f1dc6]
Transaction synchronization deregistering SqlSession [org.apache.ibatis.session.defaults.DefaultSqlSession@128f1dc6]
Transaction synchronization closing SqlSession [org.apache.ibatis.session.defaults.DefaultSqlSession@128f1dc6]
Creating a new SqlSession
Registering transaction synchronization for SqlSession [org.apache.ibatis.session.defaults.DefaultSqlSession@1755bb3a]
JDBC Connection [HikariProxyConnection@103419582 wrapping com.mysql.cj.jdbc.ConnectionImpl@564db027] will be managed by Spring
==>  Preparing: SELECT * FROM orders WHERE status = 'pending' AND created_at < DATE_SUB(NOW(), INTERVAL ? MINUTE)
==> Parameters: 30(Integer)
<==      Total: 0
Releasing transactional SqlSession [org.apache.ibatis.session.defaults.DefaultSqlSession@1755bb3a]
Transaction synchronization committing SqlSession [org.apache.ibatis.session.defaults.DefaultSqlSession@1755bb3a]
Transaction synchronization deregistering SqlSession [org.apache.ibatis.session.defaults.DefaultSqlSession@1755bb3a]
Transaction synchronization closing SqlSession [org.apache.ibatis.session.defaults.DefaultSqlSession@1755bb3a]
Creating a new SqlSession
Registering transaction synchronization for SqlSession [org.apache.ibatis.session.defaults.DefaultSqlSession@368bcd6f]
JDBC Connection [HikariProxyConnection@1580356991 wrapping com.mysql.cj.jdbc.ConnectionImpl@564db027] will be managed by Spring
==>  Preparing: SELECT * FROM orders WHERE status = 'pending' AND created_at < DATE_SUB(NOW(), INTERVAL ? MINUTE)
==> Parameters: 30(Integer)
<==      Total: 0
Releasing transactional SqlSession [org.apache.ibatis.session.defaults.DefaultSqlSession@368bcd6f]
Transaction synchronization committing SqlSession [org.apache.ibatis.session.defaults.DefaultSqlSession@368bcd6f]
Transaction synchronization deregistering SqlSession [org.apache.ibatis.session.defaults.DefaultSqlSession@368bcd6f]
Transaction synchronization closing SqlSession [org.apache.ibatis.session.defaults.DefaultSqlSession@368bcd6f]
Creating a new SqlSession
Registering transaction synchronization for SqlSession [org.apache.ibatis.session.defaults.DefaultSqlSession@53bf1fdf]
JDBC Connection [HikariProxyConnection@1211045496 wrapping com.mysql.cj.jdbc.ConnectionImpl@564db027] will be managed by Spring
==>  Preparing: SELECT * FROM orders WHERE status = 'pending' AND created_at < DATE_SUB(NOW(), INTERVAL ? MINUTE)
==> Parameters: 30(Integer)
<==      Total: 0
Releasing transactional SqlSession [org.apache.ibatis.session.defaults.DefaultSqlSession@53bf1fdf]
Transaction synchronization committing SqlSession [org.apache.ibatis.session.defaults.DefaultSqlSession@53bf1fdf]
Transaction synchronization deregistering SqlSession [org.apache.ibatis.session.defaults.DefaultSqlSession@53bf1fdf]
Transaction synchronization closing SqlSession [org.apache.ibatis.session.defaults.DefaultSqlSession@53bf1fdf]
Creating a new SqlSession
Registering transaction synchronization for SqlSession [org.apache.ibatis.session.defaults.DefaultSqlSession@6218a94d]
JDBC Connection [HikariProxyConnection@126523515 wrapping com.mysql.cj.jdbc.ConnectionImpl@564db027] will be managed by Spring
==>  Preparing: SELECT * FROM orders WHERE status = 'pending' AND created_at < DATE_SUB(NOW(), INTERVAL ? MINUTE)
==> Parameters: 30(Integer)
<==      Total: 0
Releasing transactional SqlSession [org.apache.ibatis.session.defaults.DefaultSqlSession@6218a94d]
Transaction synchronization committing SqlSession [org.apache.ibatis.session.defaults.DefaultSqlSession@6218a94d]
Transaction synchronization deregistering SqlSession [org.apache.ibatis.session.defaults.DefaultSqlSession@6218a94d]
Transaction synchronization closing SqlSession [org.apache.ibatis.session.defaults.DefaultSqlSession@6218a94d]
Creating a new SqlSession
Registering transaction synchronization for SqlSession [org.apache.ibatis.session.defaults.DefaultSqlSession@79e68ec1]
JDBC Connection [HikariProxyConnection@729439271 wrapping com.mysql.cj.jdbc.ConnectionImpl@564db027] will be managed by Spring
==>  Preparing: SELECT * FROM orders WHERE status = 'pending' AND created_at < DATE_SUB(NOW(), INTERVAL ? MINUTE)
==> Parameters: 30(Integer)
<==      Total: 0
Releasing transactional SqlSession [org.apache.ibatis.session.defaults.DefaultSqlSession@79e68ec1]
Transaction synchronization committing SqlSession [org.apache.ibatis.session.defaults.DefaultSqlSession@79e68ec1]
Transaction synchronization deregistering SqlSession [org.apache.ibatis.session.defaults.DefaultSqlSession@79e68ec1]
Transaction synchronization closing SqlSession [org.apache.ibatis.session.defaults.DefaultSqlSession@79e68ec1]
Creating a new SqlSession
Registering transaction synchronization for SqlSession [org.apache.ibatis.session.defaults.DefaultSqlSession@20469bcd]
JDBC Connection [HikariProxyConnection@602800541 wrapping com.mysql.cj.jdbc.ConnectionImpl@564db027] will be managed by Spring
==>  Preparing: SELECT * FROM orders WHERE status = 'pending' AND created_at < DATE_SUB(NOW(), INTERVAL ? MINUTE)
==> Parameters: 30(Integer)
<==      Total: 0
Releasing transactional SqlSession [org.apache.ibatis.session.defaults.DefaultSqlSession@20469bcd]
Transaction synchronization committing SqlSession [org.apache.ibatis.session.defaults.DefaultSqlSession@20469bcd]
Transaction synchronization deregistering SqlSession [org.apache.ibatis.session.defaults.DefaultSqlSession@20469bcd]
Transaction synchronization closing SqlSession [org.apache.ibatis.session.defaults.DefaultSqlSession@20469bcd]
Creating a new SqlSession
Registering transaction synchronization for SqlSession [org.apache.ibatis.session.defaults.DefaultSqlSession@649aef7]
JDBC Connection [HikariProxyConnection@1751453602 wrapping com.mysql.cj.jdbc.ConnectionImpl@564db027] will be managed by Spring
==>  Preparing: SELECT * FROM orders WHERE status = 'pending' AND created_at < DATE_SUB(NOW(), INTERVAL ? MINUTE)
==> Parameters: 30(Integer)
<==      Total: 0
Releasing transactional SqlSession [org.apache.ibatis.session.defaults.DefaultSqlSession@649aef7]
Transaction synchronization committing SqlSession [org.apache.ibatis.session.defaults.DefaultSqlSession@649aef7]
Transaction synchronization deregistering SqlSession [org.apache.ibatis.session.defaults.DefaultSqlSession@649aef7]
Transaction synchronization closing SqlSession [org.apache.ibatis.session.defaults.DefaultSqlSession@649aef7]
Creating a new SqlSession
Registering transaction synchronization for SqlSession [org.apache.ibatis.session.defaults.DefaultSqlSession@1f551615]
JDBC Connection [HikariProxyConnection@1155475485 wrapping com.mysql.cj.jdbc.ConnectionImpl@564db027] will be managed by Spring
==>  Preparing: SELECT * FROM orders WHERE status = 'pending' AND created_at < DATE_SUB(NOW(), INTERVAL ? MINUTE)
==> Parameters: 30(Integer)
<==      Total: 0
Releasing transactional SqlSession [org.apache.ibatis.session.defaults.DefaultSqlSession@1f551615]
Transaction synchronization committing SqlSession [org.apache.ibatis.session.defaults.DefaultSqlSession@1f551615]
Transaction synchronization deregistering SqlSession [org.apache.ibatis.session.defaults.DefaultSqlSession@1f551615]
Transaction synchronization closing SqlSession [org.apache.ibatis.session.defaults.DefaultSqlSession@1f551615]
Creating a new SqlSession
Registering transaction synchronization for SqlSession [org.apache.ibatis.session.defaults.DefaultSqlSession@265b4e48]
JDBC Connection [HikariProxyConnection@641386274 wrapping com.mysql.cj.jdbc.ConnectionImpl@564db027] will be managed by Spring
==>  Preparing: SELECT * FROM orders WHERE status = 'pending' AND created_at < DATE_SUB(NOW(), INTERVAL ? MINUTE)
==> Parameters: 30(Integer)
<==      Total: 0
Releasing transactional SqlSession [org.apache.ibatis.session.defaults.DefaultSqlSession@265b4e48]
Transaction synchronization committing SqlSession [org.apache.ibatis.session.defaults.DefaultSqlSession@265b4e48]
Transaction synchronization deregistering SqlSession [org.apache.ibatis.session.defaults.DefaultSqlSession@265b4e48]
Transaction synchronization closing SqlSession [org.apache.ibatis.session.defaults.DefaultSqlSession@265b4e48]
Creating a new SqlSession
Registering transaction synchronization for SqlSession [org.apache.ibatis.session.defaults.DefaultSqlSession@3815b1c]
JDBC Connection [HikariProxyConnection@745122813 wrapping com.mysql.cj.jdbc.ConnectionImpl@564db027] will be managed by Spring
==>  Preparing: SELECT * FROM orders WHERE status = 'pending' AND created_at < DATE_SUB(NOW(), INTERVAL ? MINUTE)
==> Parameters: 30(Integer)
<==      Total: 0
Releasing transactional SqlSession [org.apache.ibatis.session.defaults.DefaultSqlSession@3815b1c]
Transaction synchronization committing SqlSession [org.apache.ibatis.session.defaults.DefaultSqlSession@3815b1c]
Transaction synchronization deregistering SqlSession [org.apache.ibatis.session.defaults.DefaultSqlSession@3815b1c]
Transaction synchronization closing SqlSession [org.apache.ibatis.session.defaults.DefaultSqlSession@3815b1c]
Creating a new SqlSession
Registering transaction synchronization for SqlSession [org.apache.ibatis.session.defaults.DefaultSqlSession@79ac689b]
JDBC Connection [HikariProxyConnection@390733556 wrapping com.mysql.cj.jdbc.ConnectionImpl@564db027] will be managed by Spring
==>  Preparing: SELECT * FROM orders WHERE status = 'pending' AND created_at < DATE_SUB(NOW(), INTERVAL ? MINUTE)
==> Parameters: 30(Integer)
<==      Total: 0
Releasing transactional SqlSession [org.apache.ibatis.session.defaults.DefaultSqlSession@79ac689b]
Transaction synchronization committing SqlSession [org.apache.ibatis.session.defaults.DefaultSqlSession@79ac689b]
Transaction synchronization deregistering SqlSession [org.apache.ibatis.session.defaults.DefaultSqlSession@79ac689b]
Transaction synchronization closing SqlSession [org.apache.ibatis.session.defaults.DefaultSqlSession@79ac689b]
Creating a new SqlSession
Registering transaction synchronization for SqlSession [org.apache.ibatis.session.defaults.DefaultSqlSession@19719579]
JDBC Connection [HikariProxyConnection@1126668578 wrapping com.mysql.cj.jdbc.ConnectionImpl@564db027] will be managed by Spring
==>  Preparing: SELECT * FROM orders WHERE status = 'pending' AND created_at < DATE_SUB(NOW(), INTERVAL ? MINUTE)
==> Parameters: 30(Integer)
<==      Total: 0
Releasing transactional SqlSession [org.apache.ibatis.session.defaults.DefaultSqlSession@19719579]
Transaction synchronization committing SqlSession [org.apache.ibatis.session.defaults.DefaultSqlSession@19719579]
Transaction synchronization deregistering SqlSession [org.apache.ibatis.session.defaults.DefaultSqlSession@19719579]
Transaction synchronization closing SqlSession [org.apache.ibatis.session.defaults.DefaultSqlSession@19719579]
Creating a new SqlSession
Registering transaction synchronization for SqlSession [org.apache.ibatis.session.defaults.DefaultSqlSession@4b9f2a47]
JDBC Connection [HikariProxyConnection@1550637073 wrapping com.mysql.cj.jdbc.ConnectionImpl@564db027] will be managed by Spring
==>  Preparing: SELECT * FROM orders WHERE status = 'pending' AND created_at < DATE_SUB(NOW(), INTERVAL ? MINUTE)
==> Parameters: 30(Integer)
<==      Total: 0
Releasing transactional SqlSession [org.apache.ibatis.session.defaults.DefaultSqlSession@4b9f2a47]
Transaction synchronization committing SqlSession [org.apache.ibatis.session.defaults.DefaultSqlSession@4b9f2a47]
Transaction synchronization deregistering SqlSession [org.apache.ibatis.session.defaults.DefaultSqlSession@4b9f2a47]
Transaction synchronization closing SqlSession [org.apache.ibatis.session.defaults.DefaultSqlSession@4b9f2a47]
Creating a new SqlSession
Registering transaction synchronization for SqlSession [org.apache.ibatis.session.defaults.DefaultSqlSession@352d17e4]
JDBC Connection [HikariProxyConnection@1096172206 wrapping com.mysql.cj.jdbc.ConnectionImpl@564db027] will be managed by Spring
==>  Preparing: SELECT * FROM orders WHERE status = 'pending' AND created_at < DATE_SUB(NOW(), INTERVAL ? MINUTE)
==> Parameters: 30(Integer)
<==      Total: 0
Releasing transactional SqlSession [org.apache.ibatis.session.defaults.DefaultSqlSession@352d17e4]
Transaction synchronization committing SqlSession [org.apache.ibatis.session.defaults.DefaultSqlSession@352d17e4]
Transaction synchronization deregistering SqlSession [org.apache.ibatis.session.defaults.DefaultSqlSession@352d17e4]
Transaction synchronization closing SqlSession [org.apache.ibatis.session.defaults.DefaultSqlSession@352d17e4]
Creating a new SqlSession
Registering transaction synchronization for SqlSession [org.apache.ibatis.session.defaults.DefaultSqlSession@d187516]
JDBC Connection [HikariProxyConnection@1756738 wrapping com.mysql.cj.jdbc.ConnectionImpl@564db027] will be managed by Spring
==>  Preparing: SELECT * FROM orders WHERE status = 'pending' AND created_at < DATE_SUB(NOW(), INTERVAL ? MINUTE)
==> Parameters: 30(Integer)
<==      Total: 0
Releasing transactional SqlSession [org.apache.ibatis.session.defaults.DefaultSqlSession@d187516]
Transaction synchronization committing SqlSession [org.apache.ibatis.session.defaults.DefaultSqlSession@d187516]
Transaction synchronization deregistering SqlSession [org.apache.ibatis.session.defaults.DefaultSqlSession@d187516]
Transaction synchronization closing SqlSession [org.apache.ibatis.session.defaults.DefaultSqlSession@d187516]
Creating a new SqlSession
Registering transaction synchronization for SqlSession [org.apache.ibatis.session.defaults.DefaultSqlSession@208b85b1]
JDBC Connection [HikariProxyConnection@1345616319 wrapping com.mysql.cj.jdbc.ConnectionImpl@564db027] will be managed by Spring
==>  Preparing: SELECT * FROM orders WHERE status = 'pending' AND created_at < DATE_SUB(NOW(), INTERVAL ? MINUTE)
==> Parameters: 30(Integer)
<==      Total: 0
Releasing transactional SqlSession [org.apache.ibatis.session.defaults.DefaultSqlSession@208b85b1]
Transaction synchronization committing SqlSession [org.apache.ibatis.session.defaults.DefaultSqlSession@208b85b1]
Transaction synchronization deregistering SqlSession [org.apache.ibatis.session.defaults.DefaultSqlSession@208b85b1]
Transaction synchronization closing SqlSession [org.apache.ibatis.session.defaults.DefaultSqlSession@208b85b1]
Creating a new SqlSession
Registering transaction synchronization for SqlSession [org.apache.ibatis.session.defaults.DefaultSqlSession@6d374f89]
JDBC Connection [HikariProxyConnection@1318590238 wrapping com.mysql.cj.jdbc.ConnectionImpl@564db027] will be managed by Spring
==>  Preparing: SELECT * FROM orders WHERE status = 'pending' AND created_at < DATE_SUB(NOW(), INTERVAL ? MINUTE)
==> Parameters: 30(Integer)
<==      Total: 0
Releasing transactional SqlSession [org.apache.ibatis.session.defaults.DefaultSqlSession@6d374f89]
Transaction synchronization committing SqlSession [org.apache.ibatis.session.defaults.DefaultSqlSession@6d374f89]
Transaction synchronization deregistering SqlSession [org.apache.ibatis.session.defaults.DefaultSqlSession@6d374f89]
Transaction synchronization closing SqlSession [org.apache.ibatis.session.defaults.DefaultSqlSession@6d374f89]
Creating a new SqlSession
Registering transaction synchronization for SqlSession [org.apache.ibatis.session.defaults.DefaultSqlSession@67a72fea]
JDBC Connection [HikariProxyConnection@1198609318 wrapping com.mysql.cj.jdbc.ConnectionImpl@564db027] will be managed by Spring
==>  Preparing: SELECT * FROM orders WHERE status = 'pending' AND created_at < DATE_SUB(NOW(), INTERVAL ? MINUTE)
==> Parameters: 30(Integer)
<==      Total: 0
Releasing transactional SqlSession [org.apache.ibatis.session.defaults.DefaultSqlSession@67a72fea]
Transaction synchronization committing SqlSession [org.apache.ibatis.session.defaults.DefaultSqlSession@67a72fea]
Transaction synchronization deregistering SqlSession [org.apache.ibatis.session.defaults.DefaultSqlSession@67a72fea]
Transaction synchronization closing SqlSession [org.apache.ibatis.session.defaults.DefaultSqlSession@67a72fea]
Creating a new SqlSession
Registering transaction synchronization for SqlSession [org.apache.ibatis.session.defaults.DefaultSqlSession@728c8452]
JDBC Connection [HikariProxyConnection@170661102 wrapping com.mysql.cj.jdbc.ConnectionImpl@564db027] will be managed by Spring
==>  Preparing: SELECT * FROM orders WHERE status = 'pending' AND created_at < DATE_SUB(NOW(), INTERVAL ? MINUTE)
==> Parameters: 30(Integer)
<==      Total: 0
Releasing transactional SqlSession [org.apache.ibatis.session.defaults.DefaultSqlSession@728c8452]
Transaction synchronization committing SqlSession [org.apache.ibatis.session.defaults.DefaultSqlSession@728c8452]
Transaction synchronization deregistering SqlSession [org.apache.ibatis.session.defaults.DefaultSqlSession@728c8452]
Transaction synchronization closing SqlSession [org.apache.ibatis.session.defaults.DefaultSqlSession@728c8452]
Creating a new SqlSession
Registering transaction synchronization for SqlSession [org.apache.ibatis.session.defaults.DefaultSqlSession@61510fc0]
JDBC Connection [HikariProxyConnection@545830196 wrapping com.mysql.cj.jdbc.ConnectionImpl@564db027] will be managed by Spring
==>  Preparing: SELECT * FROM orders WHERE status = 'pending' AND created_at < DATE_SUB(NOW(), INTERVAL ? MINUTE)
==> Parameters: 30(Integer)
<==      Total: 0
Releasing transactional SqlSession [org.apache.ibatis.session.defaults.DefaultSqlSession@61510fc0]
Transaction synchronization committing SqlSession [org.apache.ibatis.session.defaults.DefaultSqlSession@61510fc0]
Transaction synchronization deregistering SqlSession [org.apache.ibatis.session.defaults.DefaultSqlSession@61510fc0]
Transaction synchronization closing SqlSession [org.apache.ibatis.session.defaults.DefaultSqlSession@61510fc0]
Creating a new SqlSession
Registering transaction synchronization for SqlSession [org.apache.ibatis.session.defaults.DefaultSqlSession@7346c3a2]
JDBC Connection [HikariProxyConnection@385141285 wrapping com.mysql.cj.jdbc.ConnectionImpl@564db027] will be managed by Spring
==>  Preparing: SELECT * FROM orders WHERE status = 'pending' AND created_at < DATE_SUB(NOW(), INTERVAL ? MINUTE)
==> Parameters: 30(Integer)
<==      Total: 0
Releasing transactional SqlSession [org.apache.ibatis.session.defaults.DefaultSqlSession@7346c3a2]
Transaction synchronization committing SqlSession [org.apache.ibatis.session.defaults.DefaultSqlSession@7346c3a2]
Transaction synchronization deregistering SqlSession [org.apache.ibatis.session.defaults.DefaultSqlSession@7346c3a2]
Transaction synchronization closing SqlSession [org.apache.ibatis.session.defaults.DefaultSqlSession@7346c3a2]
